
> ecommerce-website@0.1.0 build
> next build

Γû▓ Next.js 16.1.6 (Turbopack)
- Environments: .env.local

node.exe : ΓÜá The 
"middleware" file 
convention is 
deprecated. Please 
use "proxy" instead. 
Learn more: https://ne
xtjs.org/docs/messages
/middleware-to-proxy
At line:1 char:1
+ & "C:\Program Files\
nodejs/node.exe" "C:\U
sers\varun\AppData\Roa
ming\ ...
+ ~~~~~~~~~~~~~~~~~~~~
~~~~~~~~~~~~~~~~~~~~~~
~~~~~~~~~~~~~~~~~~~~~~
~~~~~
    + CategoryInfo    
          : NotSpeci  
  fied: (ΓÜá The "m   
 iddle...leware-to    
-proxy:String) []    
, RemoteException
    + FullyQualifiedE 
   rrorId : NativeCo  
  mmandError
 
  Creating an optimized production build ...
Γ£ô Compiled successfully in 2.8s
  Running TypeScript ...
  Collecting page data using 11 workers ...
  Generating static pages using 11 workers (0/24) ...
ΓÜá Unsupported 
metadata themeColor 
is configured in 
metadata export in 
/_not-found. Please 
move it to viewport 
export instead.
Read more: https://nex
tjs.org/docs/app/api-r
eference/functions/gen
erate-viewport
ΓÜá Unsupported 
metadata themeColor 
is configured in 
metadata export in 
/about. Please move 
it to viewport export 
instead.
Read more: https://nex
tjs.org/docs/app/api-r
eference/functions/gen
erate-viewport
ΓÜá Unsupported 
metadata themeColor 
is configured in 
metadata export in 
/account. Please move 
it to viewport export 
instead.
Read more: https://nex
tjs.org/docs/app/api-r
eference/functions/gen
erate-viewport
ΓÜá Unsupported 
metadata themeColor 
is configured in 
metadata export in 
/admin. Please move 
it to viewport export 
instead.
Read more: https://nex
tjs.org/docs/app/api-r
eference/functions/gen
erate-viewport
ΓÜá Unsupported 
metadata themeColor 
is configured in 
metadata export in 
/admin/orders. Please 
move it to viewport 
export instead.
Read more: https://nex
tjs.org/docs/app/api-r
eference/functions/gen
erate-viewport
ΓÜá Unsupported 
metadata themeColor 
is configured in 
metadata export in 
/admin/products. 
Please move it to 
viewport export 
instead.
Read more: https://nex
tjs.org/docs/app/api-r
eference/functions/gen
erate-viewport
ΓÜá Unsupported 
metadata themeColor 
is configured in 
metadata export in 
/admin/users. Please 
move it to viewport 
export instead.
Read more: https://nex
tjs.org/docs/app/api-r
eference/functions/gen
erate-viewport
  Generating static pages using 11 workers (6/24) 
ΓÜá Unsupported 
metadata themeColor 
is configured in 
metadata export in 
/cart. Please move it 
to viewport export 
instead.
Read more: https://nex
tjs.org/docs/app/api-r
eference/functions/gen
erate-viewport
ΓÜá Unsupported 
metadata themeColor 
is configured in 
metadata export in 
/categories. Please 
move it to viewport 
export instead.
Read more: https://nex
tjs.org/docs/app/api-r
eference/functions/gen
erate-viewport
ΓÜá Unsupported 
metadata themeColor 
is configured in 
metadata export in 
/categories. Please 
move it to viewport 
export instead.
Read more: https://nex
tjs.org/docs/app/api-r
eference/functions/gen
erate-viewport
ΓÜá Unsupported 
metadata themeColor 
is configured in 
metadata export in 
/checkout. Please 
move it to viewport 
export instead.
Read more: https://nex
tjs.org/docs/app/api-r
eference/functions/gen
erate-viewport
ΓÜá Unsupported 
metadata themeColor 
is configured in 
metadata export in 
/customer-care. 
Please move it to 
viewport export 
instead.
Read more: https://nex
tjs.org/docs/app/api-r
eference/functions/gen
erate-viewport
ΓÜá Unsupported 
metadata themeColor 
is configured in 
metadata export in 
/contact. Please move 
it to viewport export 
instead.
Read more: https://nex
tjs.org/docs/app/api-r
eference/functions/gen
erate-viewport
ΓÜá Unsupported 
metadata themeColor 
is configured in 
metadata export in 
/contact. Please move 
it to viewport export 
instead.
Read more: https://nex
tjs.org/docs/app/api-r
eference/functions/gen
erate-viewport
ΓÜá Unsupported 
metadata themeColor 
is configured in 
metadata export in 
/customer. Please 
move it to viewport 
export instead.
Read more: https://nex
tjs.org/docs/app/api-r
eference/functions/gen
erate-viewport
ΓÜá Unsupported 
metadata themeColor 
is configured in 
metadata export in 
/customer. Please 
move it to viewport 
export instead.
Read more: https://nex
tjs.org/docs/app/api-r
eference/functions/gen
erate-viewport
  Generating static pages using 11 workers (12/24) 
ΓÜá Unsupported 
metadata themeColor 
is configured in 
metadata export in 
/login. Please move 
it to viewport export 
instead.
Read more: https://nex
tjs.org/docs/app/api-r
eference/functions/gen
erate-viewport
ΓÜá Unsupported 
metadata themeColor 
is configured in 
metadata export in 
/offers. Please move 
it to viewport export 
instead.
Read more: https://nex
tjs.org/docs/app/api-r
eference/functions/gen
erate-viewport
ΓÜá Unsupported 
metadata themeColor 
is configured in 
metadata export in /. 
Please move it to 
viewport export 
instead.
Read more: https://nex
tjs.org/docs/app/api-r
eference/functions/gen
erate-viewport
ΓÜá Unsupported 
metadata themeColor 
is configured in 
metadata export in 
/products. Please 
move it to viewport 
export instead.
Read more: https://nex
tjs.org/docs/app/api-r
eference/functions/gen
erate-viewport
Γ¿» useSearchParams() 
should be wrapped in 
a suspense boundary 
at page "/products". 
Read more: https://nex
tjs.org/docs/messages/
missing-suspense-with-
csr-bailout
    at Q (C:\Users\var
un\Desktop\ecommerce-w
ebsite\.next\server\ch
unks\ssr\node_modules_
next_920e7746._.js:2:2
111)
    at o (C:\Users\var
un\Desktop\ecommerce-w
ebsite\.next\server\ch
unks\ssr\node_modules_
next_920e7746._.js:4:5
284)
    at u (C:\Users\var
un\Desktop\ecommerce-w
ebsite\.next\server\ch
unks\ssr\_bb09ec13._.j
s:1:5931)
    at an (C:\Users\va
run\Desktop\ecommerce-
website\node_modules\n
ext\dist\compiled\next
-server\app-page-turbo
.runtime.prod.js:2:843
60)
    at ai (C:\Users\va
run\Desktop\ecommerce-
website\node_modules\n
ext\dist\compiled\next
-server\app-page-turbo
.runtime.prod.js:2:861
79)
    at al (C:\Users\va
run\Desktop\ecommerce-
website\node_modules\n
ext\dist\compiled\next
-server\app-page-turbo
.runtime.prod.js:2:107
953)
    at as (C:\Users\va
run\Desktop\ecommerce-
website\node_modules\n
ext\dist\compiled\next
-server\app-page-turbo
.runtime.prod.js:2:105
368)
    at aa (C:\Users\va
run\Desktop\ecommerce-
website\node_modules\n
ext\dist\compiled\next
-server\app-page-turbo
.runtime.prod.js:2:847
12)
    at ai (C:\Users\va
run\Desktop\ecommerce-
website\node_modules\n
ext\dist\compiled\next
-server\app-page-turbo
.runtime.prod.js:2:862
28)
    at ai (C:\Users\va
run\Desktop\ecommerce-
website\node_modules\n
ext\dist\compiled\next
-server\app-page-turbo
.runtime.prod.js:2:104
708)
Error occurred 
prerendering page 
"/products". Read 
more: https://nextjs.o
rg/docs/messages/prere
nder-error
Export encountered an 
error on 
/products/page: 
/products, exiting 
the build.
Γ¿» Next.js build 
worker exited with 
code: 1 and signal: 
null
